// Jest Snapshot v1, https://goo.gl/fbAQLP

exports[`Pruebas en GifItem debe hacer match con el snapshot 1`] = `
<div>
  <div
    class="card"
  >
    <img
      alt="Berserk"
      src="https://giphy.com/gifs/berserk-guts-pUp9Nb1czvHMY"
    />
    <p>
      Berserk
    </p>
  </div>
</div>
`;
